// Vitest Snapshot v1, https://vitest.dev/guide/snapshot.html

exports[`render 1`] = `"<div class="this-is-my-class-name" style="transition-timing-function:ease">Hello, Banana man</div>"`;
